d:\유준환\159기\defaultwindow\defaultwindow\x64\debug\vc143.pdb
d:\유준환\159기\defaultwindow\defaultwindow\x64\debug\vc143.idb
d:\유준환\159기\defaultwindow\defaultwindow\x64\debug\defaultwindow.obj
d:\유준환\159기\defaultwindow\defaultwindow\x64\debug\cplayer.obj
d:\유준환\159기\defaultwindow\defaultwindow\x64\debug\cobj.obj
d:\유준환\159기\defaultwindow\defaultwindow\x64\debug\cmaingame.obj
d:\유준환\159기\defaultwindow\defaultwindow\x64\debug\defaultwindow.pch
d:\유준환\159기\defaultwindow\defaultwindow\x64\debug\pch.obj
d:\유준환\159기\defaultwindow\defaultwindow\x64\debug\cbullet.obj
d:\유준환\159기\defaultwindow\defaultwindow\x64\debug\cmonster.obj
d:\유준환\159기\defaultwindow\defaultwindow\x64\debug\ccollisionmgr.obj
d:\유준환\159기\defaultwindow\defaultwindow\x64\debug\cmouse.obj
d:\유준환\159기\defaultwindow\defaultwindow\x64\debug\cshield.obj
d:\유준환\159기\defaultwindow\defaultwindow\x64\debug\cscrewbullet.obj
d:\유준환\159기\defaultwindow\defaultwindow\x64\debug\cobjmgr.obj
d:\유준환\159기\defaultwindow\defaultwindow\x64\debug\cguidebullet.obj
d:\유준환\159기\defaultwindow\defaultwindow\x64\debug\cline.obj
d:\유준환\159기\defaultwindow\defaultwindow\x64\debug\clinemgr.obj
d:\유준환\159기\defaultwindow\x64\debug\defaultwindow.exe
d:\유준환\159기\defaultwindow\x64\debug\defaultwindow.pdb
d:\유준환\159기\defaultwindow\defaultwindow\x64\debug\defaultwindow.res
d:\유준환\159기\defaultwindow\defaultwindow\x64\debug\defaultwindow.ilk
d:\유준환\159기\defaultwindow\defaultwindow\x64\debug\defaultwindow.tlog\cl.command.1.tlog
d:\유준환\159기\defaultwindow\defaultwindow\x64\debug\defaultwindow.tlog\cl.items.tlog
d:\유준환\159기\defaultwindow\defaultwindow\x64\debug\defaultwindow.tlog\cl.read.1.tlog
d:\유준환\159기\defaultwindow\defaultwindow\x64\debug\defaultwindow.tlog\cl.write.1.tlog
d:\유준환\159기\defaultwindow\defaultwindow\x64\debug\defaultwindow.tlog\link.command.1.tlog
d:\유준환\159기\defaultwindow\defaultwindow\x64\debug\defaultwindow.tlog\link.read.1.tlog
d:\유준환\159기\defaultwindow\defaultwindow\x64\debug\defaultwindow.tlog\link.secondary.1.tlog
d:\유준환\159기\defaultwindow\defaultwindow\x64\debug\defaultwindow.tlog\link.write.1.tlog
d:\유준환\159기\defaultwindow\defaultwindow\x64\debug\defaultwindow.tlog\rc.command.1.tlog
d:\유준환\159기\defaultwindow\defaultwindow\x64\debug\defaultwindow.tlog\rc.read.1.tlog
d:\유준환\159기\defaultwindow\defaultwindow\x64\debug\defaultwindow.tlog\rc.write.1.tlog
